// Jest Snapshot v1, https://goo.gl/fbAQLP

exports[`<GridSection /> should render with background 1`] = `
.c4 {
  font-size: 6.4rem;
  text-transform: uppercase;
}

.c9 {
  font-size: 3.2rem;
  text-transform: none;
}

.c6 {
  font-size: 2.4rem;
}

.c2 .c5 {
  margin-bottom: 6.4rem;
}

.c7 {
  counter-reset: grid-counter;
  display: grid;
  grid-template-columns: repeat(auto-fill, minmax(28rem, 1fr));
  gap: 3.2rem;
  overflow: hidden;
  width: 100%;
}

.c8 .c3 {
  position: relative;
  left: 5rem;
}

.c8 .c3::before {
  counter-increment: grid-counter;
  content: counter(grid-counter);
  position: absolute;
  font-size: 6.4rem;
  left: -4rem;
  top: -2rem;
  transform: rotate(5deg);
}

.c1 {
  max-width: 120rem;
  margin: 0 auto;
  padding: 3.2rem;
}

.c0 {
  background: #FFFFFF;
  color: #0A1128;
  min-height: 100vh;
  display: flex;
  align-items: center;
}

@media (max-width: 768px) {
  .c4 {
    font-size: 4.0rem;
  }
}

@media (max-width: 768px) {
  .c7 {
    grid-template-columns: 1fr;
  }
}

<div>
  <div
    class="c0"
  >
    <div
      class="c1"
    >
      <div
        class="c2"
      >
        <h2
          class="c3 c4"
        >
          Título da seção
        </h2>
        <div
          class="c5 c6"
        >
          exercitationem blanditiis sunt a! Pariatur corrupti minus in possimus, magni exercitationem.
        </div>
        <div
          class="c7"
        >
          <div
            class="c8"
          >
            <h3
              class="c3 c9"
            >
              Teste 1
            </h3>
            <div
              class="c5 c6"
            >
              Lorem ipsum dolor sit amet consectetur adipisicing elit. Eum dicta, fugit labore quasi optio, qui non debitis architecto cumque, exercitationem blanditiis sunt a! Pariatur corrupti minus in possimus, magni exercitationem.
            </div>
          </div>
          <div
            class="c8"
          >
            <h3
              class="c3 c9"
            >
              Teste 2
            </h3>
            <div
              class="c5 c6"
            >
              Lorem ipsum dolor sit amet consectetur adipisicing elit. Eum dicta, fugit labore quasi optio, qui non debitis architecto cumque, exercitationem blanditiis sunt a! Pariatur corrupti minus in possimus, magni exercitationem.
            </div>
          </div>
          <div
            class="c8"
          >
            <h3
              class="c3 c9"
            >
              Teste 3
            </h3>
            <div
              class="c5 c6"
            >
              Lorem ipsum dolor sit amet consectetur adipisicing elit. Eum dicta, fugit labore quasi optio, qui non debitis architecto cumque, exercitationem blanditiis sunt a! Pariatur corrupti minus in possimus, magni exercitationem.
            </div>
          </div>
        </div>
      </div>
    </div>
  </div>
</div>
`;

exports[`<GridSection /> should render without background 1`] = `
.c4 {
  font-size: 6.4rem;
  text-transform: uppercase;
}

.c9 {
  font-size: 3.2rem;
  text-transform: none;
}

.c6 {
  font-size: 2.4rem;
}

.c2 .c5 {
  margin-bottom: 6.4rem;
}

.c7 {
  counter-reset: grid-counter;
  display: grid;
  grid-template-columns: repeat(auto-fill, minmax(28rem, 1fr));
  gap: 3.2rem;
  overflow: hidden;
  width: 100%;
}

.c8 .c3 {
  position: relative;
  left: 5rem;
}

.c8 .c3::before {
  counter-increment: grid-counter;
  content: counter(grid-counter);
  position: absolute;
  font-size: 6.4rem;
  left: -4rem;
  top: -2rem;
  transform: rotate(5deg);
}

.c1 {
  max-width: 120rem;
  margin: 0 auto;
  padding: 3.2rem;
}

.c0 {
  background: #FFFFFF;
  color: #0A1128;
  min-height: 100vh;
  display: flex;
  align-items: center;
}

@media (max-width: 768px) {
  .c4 {
    font-size: 4.0rem;
  }
}

@media (max-width: 768px) {
  .c7 {
    grid-template-columns: 1fr;
  }
}

<div>
  <div
    class="c0"
  >
    <div
      class="c1"
    >
      <div
        class="c2"
      >
        <h2
          class="c3 c4"
        >
          Título da seção
        </h2>
        <div
          class="c5 c6"
        >
          exercitationem blanditiis sunt a! Pariatur corrupti minus in possimus, magni exercitationem.
        </div>
        <div
          class="c7"
        >
          <div
            class="c8"
          >
            <h3
              class="c3 c9"
            >
              Teste 1
            </h3>
            <div
              class="c5 c6"
            >
              Lorem ipsum dolor sit amet consectetur adipisicing elit. Eum dicta, fugit labore quasi optio, qui non debitis architecto cumque, exercitationem blanditiis sunt a! Pariatur corrupti minus in possimus, magni exercitationem.
            </div>
          </div>
          <div
            class="c8"
          >
            <h3
              class="c3 c9"
            >
              Teste 2
            </h3>
            <div
              class="c5 c6"
            >
              Lorem ipsum dolor sit amet consectetur adipisicing elit. Eum dicta, fugit labore quasi optio, qui non debitis architecto cumque, exercitationem blanditiis sunt a! Pariatur corrupti minus in possimus, magni exercitationem.
            </div>
          </div>
          <div
            class="c8"
          >
            <h3
              class="c3 c9"
            >
              Teste 3
            </h3>
            <div
              class="c5 c6"
            >
              Lorem ipsum dolor sit amet consectetur adipisicing elit. Eum dicta, fugit labore quasi optio, qui non debitis architecto cumque, exercitationem blanditiis sunt a! Pariatur corrupti minus in possimus, magni exercitationem.
            </div>
          </div>
        </div>
      </div>
    </div>
  </div>
</div>
`;
