// Jest Snapshot v1, https://goo.gl/fbAQLP

exports[`<GridImage /> should render with background 1`] = `
.c5 {
  font-size: 2.4rem;
}

.c2 >.c4 {
  margin-bottom: 6.4rem;
}

.c6 {
  display: grid;
  grid-template-columns: repeat(auto-fill, minmax(28rem, 1fr));
  gap: 3.2rem;
}

.c7 {
  overflow: hidden;
}

.c7 colors {
  -primary-color: #0A1128;
  secondary-color: #DC143C;
  white: #FFFFFF;
  medium-gray: #DDDDDD;
}

.c7 fonts family {
  default: 'Open Sans',sans-serif;
  secondary: 'Montserrat',sans-serif;
}

.c7 fonts fontSize {
  xsmall: .8rem;
  small: 1.6rem;
  medium: 2.4rem;
  large: 3.2rem;
  xlarge: 4.0rem;
  xxlarge: 4.8rem;
  huge: 5.6rem;
  xhuge: 6.4rem;
}

.c7 media {
  -ite-medium: (max-width: 768px);
}

.c7 spacings {
  xsmall: .8rem;
  small: 1.6rem;
  medium: 2.4rem;
  large: 3.2rem;
  xlarge: 4.0rem;
  xxlarge: 4.8rem;
  huge: 5.6rem;
  xhuge: 6.4rem;
}

.c8 {
  width: 100%;
  transition: all 300ms ease-in-out;
}

.c8 colors {
  -primary-color: #0A1128;
  secondary-color: #DC143C;
  white: #FFFFFF;
  medium-gray: #DDDDDD;
}

.c8 fonts family {
  default: 'Open Sans',sans-serif;
  secondary: 'Montserrat',sans-serif;
}

.c8 fonts fontSize {
  xsmall: .8rem;
  small: 1.6rem;
  medium: 2.4rem;
  large: 3.2rem;
  xlarge: 4.0rem;
  xxlarge: 4.8rem;
  huge: 5.6rem;
  xhuge: 6.4rem;
}

.c8 media {
  -ite-medium: (max-width: 768px);
}

.c8 spacings {
  xsmall: .8rem;
  small: 1.6rem;
  medium: 2.4rem;
  large: 3.2rem;
  xlarge: 4.0rem;
  xxlarge: 4.8rem;
  huge: 5.6rem;
  xhuge: 6.4rem;
}

.c8:hover {
  transform: scale(1.2) rotate(10deg);
}

.c1 {
  max-width: 120rem;
  margin: 0 auto;
  padding: 3.2rem;
}

.c0 {
  background: #FFFFFF;
  color: #0A1128;
  min-height: 100vh;
  display: flex;
  align-items: center;
}

.c3 {
  font-size: 6.4rem;
  text-transform: uppercase;
}

@media (max-width: 768px) {
  .c3 {
    font-size: 4.0rem;
  }
}

<div>
  <div
    class="c0"
  >
    <div
      class="c1"
    >
      <div
        class="c2"
      >
        <h2
          class="c3"
        >
          Título da seção
        </h2>
        <div
          class="c4 c5"
        >
          exercitationem blanditiis sunt a! Pariatur corrupti minus in possimus, magni exercitationem.
        </div>
        <div
          class="c6"
        >
          <div
            class="c7"
          >
            <img
              alt="Teste 1"
              class="c8"
              src="https://api.source.unsplash.com/random/800x800?r=1"
            />
          </div>
          <div
            class="c7"
          >
            <img
              alt="Teste 2"
              class="c8"
              src="https://source.unsplash.com/random/800x800?r=2"
            />
          </div>
          <div
            class="c7"
          >
            <img
              alt="Teste 3"
              class="c8"
              src="https://source.unsplash.com/random/800x800?r=3"
            />
          </div>
          <div
            class="c7"
          >
            <img
              alt="Teste 4"
              class="c8"
              src="https://source.unsplash.com/random/800x800?r=4"
            />
          </div>
          <div
            class="c7"
          >
            <img
              alt="Teste 5"
              class="c8"
              src="https://source.unsplash.com/random/800x800?r=5"
            />
          </div>
          <div
            class="c7"
          >
            <img
              alt="Teste 6"
              class="c8"
              src="https://source.unsplash.com/random/800x800?r=6"
            />
          </div>
        </div>
      </div>
    </div>
  </div>
</div>
`;

exports[`<GridImage /> should render without background 1`] = `
.c5 {
  font-size: 2.4rem;
}

.c2 >.c4 {
  margin-bottom: 6.4rem;
}

.c6 {
  display: grid;
  grid-template-columns: repeat(auto-fill, minmax(28rem, 1fr));
  gap: 3.2rem;
}

.c7 {
  overflow: hidden;
}

.c7 colors {
  -primary-color: #0A1128;
  secondary-color: #DC143C;
  white: #FFFFFF;
  medium-gray: #DDDDDD;
}

.c7 fonts family {
  default: 'Open Sans',sans-serif;
  secondary: 'Montserrat',sans-serif;
}

.c7 fonts fontSize {
  xsmall: .8rem;
  small: 1.6rem;
  medium: 2.4rem;
  large: 3.2rem;
  xlarge: 4.0rem;
  xxlarge: 4.8rem;
  huge: 5.6rem;
  xhuge: 6.4rem;
}

.c7 media {
  -ite-medium: (max-width: 768px);
}

.c7 spacings {
  xsmall: .8rem;
  small: 1.6rem;
  medium: 2.4rem;
  large: 3.2rem;
  xlarge: 4.0rem;
  xxlarge: 4.8rem;
  huge: 5.6rem;
  xhuge: 6.4rem;
}

.c8 {
  width: 100%;
  transition: all 300ms ease-in-out;
}

.c8 colors {
  -primary-color: #0A1128;
  secondary-color: #DC143C;
  white: #FFFFFF;
  medium-gray: #DDDDDD;
}

.c8 fonts family {
  default: 'Open Sans',sans-serif;
  secondary: 'Montserrat',sans-serif;
}

.c8 fonts fontSize {
  xsmall: .8rem;
  small: 1.6rem;
  medium: 2.4rem;
  large: 3.2rem;
  xlarge: 4.0rem;
  xxlarge: 4.8rem;
  huge: 5.6rem;
  xhuge: 6.4rem;
}

.c8 media {
  -ite-medium: (max-width: 768px);
}

.c8 spacings {
  xsmall: .8rem;
  small: 1.6rem;
  medium: 2.4rem;
  large: 3.2rem;
  xlarge: 4.0rem;
  xxlarge: 4.8rem;
  huge: 5.6rem;
  xhuge: 6.4rem;
}

.c8:hover {
  transform: scale(1.2) rotate(10deg);
}

.c1 {
  max-width: 120rem;
  margin: 0 auto;
  padding: 3.2rem;
}

.c0 {
  background: #FFFFFF;
  color: #0A1128;
  min-height: 100vh;
  display: flex;
  align-items: center;
}

.c3 {
  font-size: 6.4rem;
  text-transform: uppercase;
}

@media (max-width: 768px) {
  .c3 {
    font-size: 4.0rem;
  }
}

<div>
  <div
    class="c0"
  >
    <div
      class="c1"
    >
      <div
        class="c2"
      >
        <h2
          class="c3"
        >
          Título da seção
        </h2>
        <div
          class="c4 c5"
        >
          exercitationem blanditiis sunt a! Pariatur corrupti minus in possimus, magni exercitationem.
        </div>
        <div
          class="c6"
        >
          <div
            class="c7"
          >
            <img
              alt="Teste 1"
              class="c8"
              src="https://api.source.unsplash.com/random/800x800?r=1"
            />
          </div>
          <div
            class="c7"
          >
            <img
              alt="Teste 2"
              class="c8"
              src="https://source.unsplash.com/random/800x800?r=2"
            />
          </div>
          <div
            class="c7"
          >
            <img
              alt="Teste 3"
              class="c8"
              src="https://source.unsplash.com/random/800x800?r=3"
            />
          </div>
          <div
            class="c7"
          >
            <img
              alt="Teste 4"
              class="c8"
              src="https://source.unsplash.com/random/800x800?r=4"
            />
          </div>
          <div
            class="c7"
          >
            <img
              alt="Teste 5"
              class="c8"
              src="https://source.unsplash.com/random/800x800?r=5"
            />
          </div>
          <div
            class="c7"
          >
            <img
              alt="Teste 6"
              class="c8"
              src="https://source.unsplash.com/random/800x800?r=6"
            />
          </div>
        </div>
      </div>
    </div>
  </div>
</div>
`;
